{
  "type_code": "IEE",
  "base_func": "Ne",
  "creative_func": "Fi",
  "top_types": [
    {
      "code": "IEE",
      "share": 0.377515567947489
    },
    {
      "code": "ILE",
      "share": 0.2020695221877309
    },
    {
      "code": "EII",
      "share": 0.19221447529976954
    }
  ],
  "top_3_fits": [
    {
      "code": "IEE",
      "fit": 6.625,
      "share": 0.377515567947489
    },
    {
      "code": "ILE",
      "fit": 6,
      "share": 0.2020695221877309
    },
    {
      "code": "EII",
      "fit": 5.95,
      "share": 0.19221447529976954
    }
  ],
  "score_fit_raw": 6.625,
  "score_fit_calibrated": 6.625,
  "fit_band": "moderate_fit",
  "top_gap": 0.175,
  "close_call": false,
  "strengths": {
    "Ti": 1,
    "Te": 0,
    "Fi": 2.25,
    "Fe": 0,
    "Ni": 0,
    "Ne": 4.5,
    "Si": 0,
    "Se": 1.75
  },
  "dimensions": {
    "Ti": 0,
    "Te": 0,
    "Fi": 0,
    "Fe": 0,
    "Ni": 0,
    "Ne": 0,
    "Si": 0,
    "Se": 0
  },
  "dims_highlights": {
    "coherent": [],
    "unique": []
  },
  "blocks_norm": {
    "Core": 0,
    "Critic": 0,
    "Hidden": 0,
    "Instinct": 0
  },
  "neuro_mean": 0,
  "neuro_z": 0,
  "overlay_neuro": "none",
  "overlay_state": "none",
  "state_index": 0,
  "overlay": "0",
  "validity_status": "valid",
  "validity": {
    "attention": 0,
    "inconsistency": 0,
    "sd_index": 0
  },
  "confidence": "Low",
  "conf_raw": 0.4262,
  "conf_calibrated": 0.4262,
  "fc_answered_ct": 8,
  "fc_coverage_bucket": "full",
  "version": "v1.2.1",
  "results_version": "v1.2.1"
}