{
  "type_code": "SEE",
  "base_func": "Se",
  "creative_func": "Fi",
  "top_types": [
    {
      "code": "SEE",
      "share": 0.34074410797229066
    },
    {
      "code": "ESI",
      "share": 0.25242944377581156
    },
    {
      "code": "SLE",
      "share": 0.1253527520233079
    }
  ],
  "top_3_fits": [
    {
      "code": "SEE",
      "fit": 6.7,
      "share": 0.34074410797229066
    },
    {
      "code": "ESI",
      "fit": 6.4,
      "share": 0.25242944377581156
    },
    {
      "code": "SLE",
      "fit": 5.7,
      "share": 0.1253527520233079
    }
  ],
  "score_fit_raw": 6.7,
  "score_fit_calibrated": 6.7,
  "fit_band": "moderate_fit",
  "top_gap": 0.088,
  "close_call": false,
  "strengths": {
    "Ti": 1,
    "Te": 0,
    "Fi": 3,
    "Fe": 0,
    "Ni": 0,
    "Ne": 2,
    "Si": 0,
    "Se": 4
  },
  "dimensions": {
    "Ti": 0,
    "Te": 0,
    "Fi": 0,
    "Fe": 0,
    "Ni": 0,
    "Ne": 0,
    "Si": 0,
    "Se": 0
  },
  "dims_highlights": {
    "coherent": [],
    "unique": []
  },
  "blocks_norm": {
    "Core": 0,
    "Critic": 0,
    "Hidden": 0,
    "Instinct": 0
  },
  "neuro_mean": 0,
  "neuro_z": 0,
  "overlay_neuro": "none",
  "overlay_state": "none",
  "state_index": 0,
  "overlay": "0",
  "validity_status": "valid",
  "validity": {
    "attention": 0,
    "inconsistency": 0,
    "sd_index": 0
  },
  "confidence": "Low",
  "conf_raw": 0.3952,
  "conf_calibrated": 0.3952,
  "fc_answered_ct": 0,
  "fc_coverage_bucket": "full",
  "version": "v1.2.1",
  "results_version": "v1.2.1"
}